// Jest Snapshot v1, https://goo.gl/fbAQLP

exports[`<OptForm /> renders the <OptForm /> with populated data 1`] = `
<div
  class="opt-form__Container-sc-10r9h6m-0 iRcGf"
>
  <input
    class="opt-form__Input-sc-10r9h6m-1 jJmZlW"
    placeholder="Email address"
  />
  <button
    class="opt-form__Button-sc-10r9h6m-3 gHlQAE"
  >
    Try it now
     
    <img
      alt="Try Now"
      src="/images/icons/chevron-right.png"
    />
  </button>
  <div
    class="opt-form__Break-sc-10r9h6m-2 ckVnOH"
  />
  <p
    class="opt-form__Text-sc-10r9h6m-4 kLGZGC"
  >
    Ready to watch? Enter your email to create or restart your membership.
  </p>
</div>
`;
